2026-09-10 10:16:32.219: [INFO] CurrentProfilePath: C:\Users\ÁrpádNagykékesi\Documents\Python\3DSites\thingiverse_browser_profile\Default
2026-09-10 10:16:32.219: [INFO] Profiles total count: 1
2026-09-10 10:16:32.219: [INFO] Profile: name=1. profil path=C:\Users\ÁrpádNagykékesi\Documents\Python\3DSites\thingiverse_browser_profile\Default lastActive=null
2026-09-10 10:16:32.219: [INFO] LastUsedProfileDir: C:\Users\ÁrpádNagykékesi\Documents\Python\3DSites\thingiverse_browser_profile\Default
2026-09-10 10:16:32.219: [INFO] VisibilityChanged: 0
2026-09-10 10:16:32.274: [INFO] OnDoneLoading sync enabled: 0
2026-09-10 10:16:32.274: [INFO] BookmarkModelLoaded, ids_reassigned: 0
2026-09-10 10:16:32.274: [INFO] BookmarksLoadDropped droppedNodes=0
2026-09-10 10:16:32.274: [INFO] BookmarksSnapshot Startup total=0 bar=0 other=0 mobile=0 showBar=0 showBarNTP=1
2026-09-10 10:17:27.722: [INFO] BookmarksSnapshot Shutdown total=0 bar=0 other=0 mobile=0 showBar=0 showBarNTP=1
2026-09-10 10:18:15.885: [INFO] CurrentProfilePath: C:\Users\ÁrpádNagykékesi\Documents\Python\3DSites\thingiverse_browser_profile\Default
2026-09-10 10:18:15.885: [INFO] Profiles total count: 1
2026-09-10 10:18:15.885: [INFO] Profile: name=1. profil path=C:\Users\ÁrpádNagykékesi\Documents\Python\3DSites\thingiverse_browser_profile\Default lastActive=2026-09-10T10:16:32.258Z
2026-09-10 10:18:15.885: [INFO] LastUsedProfileDir: C:\Users\ÁrpádNagykékesi\Documents\Python\3DSites\thingiverse_browser_profile\Default
2026-09-10 10:18:15.885: [INFO] MostRecentlyActiveProfile: name=1. profil path=C:\Users\ÁrpádNagykékesi\Documents\Python\3DSites\thingiverse_browser_profile\Default lastActive=2026-09-10T10:16:32.258Z
2026-09-10 10:18:15.885: [INFO] VisibilityChanged: 0
2026-09-10 10:18:15.949: [INFO] OnDoneLoading sync enabled: 0
2026-09-10 10:18:15.949: [INFO] BookmarkModelLoaded, ids_reassigned: 0
2026-09-10 10:18:15.949: [INFO] BookmarksLoadDropped droppedNodes=0
2026-09-10 10:18:15.949: [INFO] BookmarksSnapshot Startup total=0 bar=0 other=0 mobile=0 showBar=0 showBarNTP=1
2026-09-10 10:18:45.269: [INFO] BookmarksSnapshot Shutdown total=0 bar=0 other=0 mobile=0 showBar=0 showBarNTP=1
2026-09-10 10:26:23.489: [INFO] CurrentProfilePath: C:\Users\ÁrpádNagykékesi\Documents\Python\3DSites\thingiverse_browser_profile\Default
2026-09-10 10:26:23.489: [INFO] Profiles total count: 1
2026-09-10 10:26:23.489: [INFO] Profile: name=1. profil path=C:\Users\ÁrpádNagykékesi\Documents\Python\3DSites\thingiverse_browser_profile\Default lastActive=2026-09-10T10:18:27.398Z
2026-09-10 10:26:23.489: [INFO] LastUsedProfileDir: C:\Users\ÁrpádNagykékesi\Documents\Python\3DSites\thingiverse_browser_profile\Default
2026-09-10 10:26:23.489: [INFO] MostRecentlyActiveProfile: name=1. profil path=C:\Users\ÁrpádNagykékesi\Documents\Python\3DSites\thingiverse_browser_profile\Default lastActive=2026-09-10T10:18:27.398Z
2026-09-10 10:26:23.489: [INFO] VisibilityChanged: 0
2026-09-10 10:26:23.576: [INFO] OnDoneLoading sync enabled: 0
2026-09-10 10:26:23.576: [INFO] BookmarkModelLoaded, ids_reassigned: 0
2026-09-10 10:26:23.576: [INFO] BookmarksLoadDropped droppedNodes=0
2026-09-10 10:26:23.576: [INFO] BookmarksSnapshot Startup total=0 bar=0 other=0 mobile=0 showBar=0 showBarNTP=1
2026-09-10 10:26:35.421: [INFO] BookmarksSnapshot Shutdown total=0 bar=0 other=0 mobile=0 showBar=0 showBarNTP=1
